Replace Part C1 C0805-0,1uF in C:\Users\dolgopolowa\Documents\Git\Plotnomer\PCB_Plotnomer_v1\Sheet1.SCHDOC with C0805-0,1uF from 81801_1.SCHLIB
Replace Part C2 C0805-0,1uF in C:\Users\dolgopolowa\Documents\Git\Plotnomer\PCB_Plotnomer_v1\Sheet1.SCHDOC with C0805-0,1uF from 81801_1.SCHLIB
Replace Part C3 C0805-0,1uF in C:\Users\dolgopolowa\Documents\Git\Plotnomer\PCB_Plotnomer_v1\Sheet1.SCHDOC with C0805-0,1uF from 81801_1.SCHLIB
Replace Part C4 C0805-4,7uF in C:\Users\dolgopolowa\Documents\Git\Plotnomer\PCB_Plotnomer_v1\Sheet1.SCHDOC with C0805-4,7uF from 81801_1.SCHLIB
Replace Part C5 C0805-0,1uF in C:\Users\dolgopolowa\Documents\Git\Plotnomer\PCB_Plotnomer_v1\Sheet1.SCHDOC with C0805-0,1uF from 81801_1.SCHLIB
Replace Part C6 CP1411B-10uF-10V in C:\Users\dolgopolowa\Documents\Git\Plotnomer\PCB_Plotnomer_v1\Sheet1.SCHDOC with CP1411B-10uF-10V from 81801_1.SCHLIB
Replace Part C7 C0805-0,1uF in C:\Users\dolgopolowa\Documents\Git\Plotnomer\PCB_Plotnomer_v1\Sheet1.SCHDOC with C0805-0,1uF from 81801_1.SCHLIB
Replace Part C8 C0805-0,1uF in C:\Users\dolgopolowa\Documents\Git\Plotnomer\PCB_Plotnomer_v1\Sheet1.SCHDOC with C0805-0,1uF from 81801_1.SCHLIB
Replace Part C9 C0805-0,1uF in C:\Users\dolgopolowa\Documents\Git\Plotnomer\PCB_Plotnomer_v1\Sheet1.SCHDOC with C0805-0,1uF from 81801_1.SCHLIB
Replace Part C10 C0805-1nF in C:\Users\dolgopolowa\Documents\Git\Plotnomer\PCB_Plotnomer_v1\Sheet1.SCHDOC with C0805-1nF from 81801_1.SCHLIB
Replace Part C11 C0805-10nF in C:\Users\dolgopolowa\Documents\Git\Plotnomer\PCB_Plotnomer_v1\Sheet1.SCHDOC with C0805-10nF from 81801_1.SCHLIB
Replace Part C12 C0805-0,1uF in C:\Users\dolgopolowa\Documents\Git\Plotnomer\PCB_Plotnomer_v1\Sheet1.SCHDOC with C0805-0,1uF from 81801_1.SCHLIB
Replace Part C13 C0805-0,1uF in C:\Users\dolgopolowa\Documents\Git\Plotnomer\PCB_Plotnomer_v1\Sheet1.SCHDOC with C0805-0,1uF from 81801_1.SCHLIB
Replace Part C14 C0805-0,1uF in C:\Users\dolgopolowa\Documents\Git\Plotnomer\PCB_Plotnomer_v1\Sheet1.SCHDOC with C0805-0,1uF from 81801_1.SCHLIB
Replace Part C15 C0805-10nF in C:\Users\dolgopolowa\Documents\Git\Plotnomer\PCB_Plotnomer_v1\Sheet1.SCHDOC with C0805-10nF from 81801_1.SCHLIB
Replace Part C16 CP1411B-47UF in C:\Users\dolgopolowa\Documents\Git\Plotnomer\PCB_Plotnomer_v1\Sheet1.SCHDOC with CP1411B-47UF from 81801_1.SCHLIB
Replace Part C17 CP1411B-47UF in C:\Users\dolgopolowa\Documents\Git\Plotnomer\PCB_Plotnomer_v1\Sheet1.SCHDOC with CP1411B-47UF from 81801_1.SCHLIB
Replace Part C18 C0805-0,1uF in C:\Users\dolgopolowa\Documents\Git\Plotnomer\PCB_Plotnomer_v1\Sheet1.SCHDOC with C0805-0,1uF from 81801_1.SCHLIB
Replace Part C19 C0805-0,1uF in C:\Users\dolgopolowa\Documents\Git\Plotnomer\PCB_Plotnomer_v1\Sheet1.SCHDOC with C0805-0,1uF from 81801_1.SCHLIB
Replace Part C20 C0805-0,1uF in C:\Users\dolgopolowa\Documents\Git\Plotnomer\PCB_Plotnomer_v1\Sheet1.SCHDOC with C0805-0,1uF from 81801_1.SCHLIB
Replace Part C21 CP1411B-10uF in C:\Users\dolgopolowa\Documents\Git\Plotnomer\PCB_Plotnomer_v1\Sheet1.SCHDOC with CP1411B-10uF from 81801_1.SCHLIB
Replace Part C22 C0805-0,1uF in C:\Users\dolgopolowa\Documents\Git\Plotnomer\PCB_Plotnomer_v1\Sheet1.SCHDOC with C0805-0,1uF from 81801_1.SCHLIB
Replace Part C28 C0805-0,1uF in C:\Users\dolgopolowa\Documents\Git\Plotnomer\PCB_Plotnomer_v1\Sheet1.SCHDOC with C0805-0,1uF from 81801_1.SCHLIB
Replace Part C29 C0805-0,1uF in C:\Users\dolgopolowa\Documents\Git\Plotnomer\PCB_Plotnomer_v1\Sheet1.SCHDOC with C0805-0,1uF from 81801_1.SCHLIB
Replace Part C30 C0805-0,1uF in C:\Users\dolgopolowa\Documents\Git\Plotnomer\PCB_Plotnomer_v1\Sheet1.SCHDOC with C0805-0,1uF from 81801_1.SCHLIB
Replace Part C31 C0805-0,1uF in C:\Users\dolgopolowa\Documents\Git\Plotnomer\PCB_Plotnomer_v1\Sheet1.SCHDOC with C0805-0,1uF from 81801_1.SCHLIB
Replace Part C32 C0805-0,1uF in C:\Users\dolgopolowa\Documents\Git\Plotnomer\PCB_Plotnomer_v1\Sheet1.SCHDOC with C0805-0,1uF from 81801_1.SCHLIB
Replace Part C33 C0805-0,1uF in C:\Users\dolgopolowa\Documents\Git\Plotnomer\PCB_Plotnomer_v1\Sheet1.SCHDOC with C0805-0,1uF from 81801_1.SCHLIB
Replace Part C34 C0805-12pF in C:\Users\dolgopolowa\Documents\Git\Plotnomer\PCB_Plotnomer_v1\Sheet1.SCHDOC with C0805-12pF from 81801_1.SCHLIB
Replace Part C35 C0805-12pF in C:\Users\dolgopolowa\Documents\Git\Plotnomer\PCB_Plotnomer_v1\Sheet1.SCHDOC with C0805-12pF from 81801_1.SCHLIB
Replace Part DA1 BL9342 in C:\Users\dolgopolowa\Documents\Git\Plotnomer\PCB_Plotnomer_v1\Sheet1.SCHDOC with BL9342 from 81801_1.SCHLIB
Replace Part DA2 TP6002-SR in C:\Users\dolgopolowa\Documents\Git\Plotnomer\PCB_Plotnomer_v1\Sheet1.SCHDOC with TP6002-SR from 81801_1.SCHLIB
Replace Part DA2 TP6002-SR in C:\Users\dolgopolowa\Documents\Git\Plotnomer\PCB_Plotnomer_v1\Sheet1.SCHDOC with TP6002-SR from 81801_1.SCHLIB
Replace Part DA5 TP6002-SR in C:\Users\dolgopolowa\Documents\Git\Plotnomer\PCB_Plotnomer_v1\Sheet1.SCHDOC with TP6002-SR from 81801_1.SCHLIB
Replace Part DA5 TP6002-SR in C:\Users\dolgopolowa\Documents\Git\Plotnomer\PCB_Plotnomer_v1\Sheet1.SCHDOC with TP6002-SR from 81801_1.SCHLIB
Replace Part DD7 25LC640 in C:\Users\dolgopolowa\Documents\Git\Plotnomer\PCB_Plotnomer_v1\Sheet1.SCHDOC with 25LC640 from 81801_1.SCHLIB
Replace Part L1 L1210-5.6uG in C:\Users\dolgopolowa\Documents\Git\Plotnomer\PCB_Plotnomer_v1\Sheet1.SCHDOC with L1210-5.6uG from 81801_1.SCHLIB
Replace Part L2 L1206-100uG in C:\Users\dolgopolowa\Documents\Git\Plotnomer\PCB_Plotnomer_v1\Sheet1.SCHDOC with L1206-100uG from 81801_1.SCHLIB
Replace Part R1 R1206-5.6K in C:\Users\dolgopolowa\Documents\Git\Plotnomer\PCB_Plotnomer_v1\Sheet1.SCHDOC with R1206-5.6K from 81801_1.SCHLIB
Replace Part R2 R1206-51K in C:\Users\dolgopolowa\Documents\Git\Plotnomer\PCB_Plotnomer_v1\Sheet1.SCHDOC with R1206-51K from 81801_1.SCHLIB
Replace Part R3 R1206-10R in C:\Users\dolgopolowa\Documents\Git\Plotnomer\PCB_Plotnomer_v1\Sheet1.SCHDOC with R1206-10R from 81801_1.SCHLIB
Replace Part R4 R1206-0R in C:\Users\dolgopolowa\Documents\Git\Plotnomer\PCB_Plotnomer_v1\Sheet1.SCHDOC with R1206-0R from 81801_1.SCHLIB
Replace Part R5 R1206-3k in C:\Users\dolgopolowa\Documents\Git\Plotnomer\PCB_Plotnomer_v1\Sheet1.SCHDOC with R1206-3k from 81801_1.SCHLIB
Replace Part R6 R1206-47k in C:\Users\dolgopolowa\Documents\Git\Plotnomer\PCB_Plotnomer_v1\Sheet1.SCHDOC with R1206-47k from 81801_1.SCHLIB
Replace Part R7 R0805-10k in C:\Users\dolgopolowa\Documents\Git\Plotnomer\PCB_Plotnomer_v1\Sheet1.SCHDOC with R0805-10k from 81801_1.SCHLIB
Replace Part R8 R0805-10k in C:\Users\dolgopolowa\Documents\Git\Plotnomer\PCB_Plotnomer_v1\Sheet1.SCHDOC with R0805-10k from 81801_1.SCHLIB
Replace Part R9 R1206-100R in C:\Users\dolgopolowa\Documents\Git\Plotnomer\PCB_Plotnomer_v1\Sheet1.SCHDOC with R1206-100R from 81801_1.SCHLIB
Replace Part R10 R1206-1M in C:\Users\dolgopolowa\Documents\Git\Plotnomer\PCB_Plotnomer_v1\Sheet1.SCHDOC with R1206-1M from 81801_1.SCHLIB
Replace Part R11 R1206-1M in C:\Users\dolgopolowa\Documents\Git\Plotnomer\PCB_Plotnomer_v1\Sheet1.SCHDOC with R1206-1M from 81801_1.SCHLIB
Replace Part R12 R1206-2M in C:\Users\dolgopolowa\Documents\Git\Plotnomer\PCB_Plotnomer_v1\Sheet1.SCHDOC with R1206-2M from 81801_1.SCHLIB
Replace Part R13 R1206-1k in C:\Users\dolgopolowa\Documents\Git\Plotnomer\PCB_Plotnomer_v1\Sheet1.SCHDOC with R1206-1k from 81801_1.SCHLIB
Replace Part R14 R1206-100k in C:\Users\dolgopolowa\Documents\Git\Plotnomer\PCB_Plotnomer_v1\Sheet1.SCHDOC with R1206-100k from 81801_1.SCHLIB
Replace Part R15 R1206-100k in C:\Users\dolgopolowa\Documents\Git\Plotnomer\PCB_Plotnomer_v1\Sheet1.SCHDOC with R1206-100k from 81801_1.SCHLIB
Replace Part R18 R1206-1k in C:\Users\dolgopolowa\Documents\Git\Plotnomer\PCB_Plotnomer_v1\Sheet1.SCHDOC with R1206-1k from 81801_1.SCHLIB
Replace Part R19 R1206-1k in C:\Users\dolgopolowa\Documents\Git\Plotnomer\PCB_Plotnomer_v1\Sheet1.SCHDOC with R1206-1k from 81801_1.SCHLIB
Replace Part R20 R0805-10k in C:\Users\dolgopolowa\Documents\Git\Plotnomer\PCB_Plotnomer_v1\Sheet1.SCHDOC with R0805-10k from 81801_1.SCHLIB
Replace Part R21 R1206-1k in C:\Users\dolgopolowa\Documents\Git\Plotnomer\PCB_Plotnomer_v1\Sheet1.SCHDOC with R1206-1k from 81801_1.SCHLIB
Replace Part R22 R1206-100k in C:\Users\dolgopolowa\Documents\Git\Plotnomer\PCB_Plotnomer_v1\Sheet1.SCHDOC with R1206-100k from 81801_1.SCHLIB
Replace Part R23 R1206-100k in C:\Users\dolgopolowa\Documents\Git\Plotnomer\PCB_Plotnomer_v1\Sheet1.SCHDOC with R1206-100k from 81801_1.SCHLIB
Replace Part R24 R0805-10k in C:\Users\dolgopolowa\Documents\Git\Plotnomer\PCB_Plotnomer_v1\Sheet1.SCHDOC with R0805-10k from 81801_1.SCHLIB
Replace Part R25 R0805-10k in C:\Users\dolgopolowa\Documents\Git\Plotnomer\PCB_Plotnomer_v1\Sheet1.SCHDOC with R0805-10k from 81801_1.SCHLIB
Replace Part VD1 P6SMB36A in C:\Users\dolgopolowa\Documents\Git\Plotnomer\PCB_Plotnomer_v1\Sheet1.SCHDOC with P6SMB36A from 81801_1.SCHLIB
Replace Part VD2 BAS85 in C:\Users\dolgopolowa\Documents\Git\Plotnomer\PCB_Plotnomer_v1\Sheet1.SCHDOC with BAS85 from 81801_1.SCHLIB
Replace Part VD3 DL4728A in C:\Users\dolgopolowa\Documents\Git\Plotnomer\PCB_Plotnomer_v1\Sheet1.SCHDOC with DL4728A from 81801_1.SCHLIB
Replace Part VT1 2N7002 in C:\Users\dolgopolowa\Documents\Git\Plotnomer\PCB_Plotnomer_v1\Sheet1.SCHDOC with 2N7002 from 81801_1.SCHLIB
Replace Part VT2 2N7002 in C:\Users\dolgopolowa\Documents\Git\Plotnomer\PCB_Plotnomer_v1\Sheet1.SCHDOC with 2N7002 from 81801_1.SCHLIB
Replace Part VT3 2N7002 in C:\Users\dolgopolowa\Documents\Git\Plotnomer\PCB_Plotnomer_v1\Sheet1.SCHDOC with 2N7002 from 81801_1.SCHLIB
Replace Part X1 X-PIN100 in C:\Users\dolgopolowa\Documents\Git\Plotnomer\PCB_Plotnomer_v1\Sheet1.SCHDOC with X-PIN100 from 81801_1.SCHLIB
Replace Part X2 X-PIN100 in C:\Users\dolgopolowa\Documents\Git\Plotnomer\PCB_Plotnomer_v1\Sheet1.SCHDOC with X-PIN100 from 81801_1.SCHLIB
Replace Part X3 X-PIN100 in C:\Users\dolgopolowa\Documents\Git\Plotnomer\PCB_Plotnomer_v1\Sheet1.SCHDOC with X-PIN100 from 81801_1.SCHLIB
Replace Part X4 X-PIN100 in C:\Users\dolgopolowa\Documents\Git\Plotnomer\PCB_Plotnomer_v1\Sheet1.SCHDOC with X-PIN100 from 81801_1.SCHLIB
Replace Part X5 X-PIN100 in C:\Users\dolgopolowa\Documents\Git\Plotnomer\PCB_Plotnomer_v1\Sheet1.SCHDOC with X-PIN100 from 81801_1.SCHLIB
Replace Part X6 X-PIN80 in C:\Users\dolgopolowa\Documents\Git\Plotnomer\PCB_Plotnomer_v1\Sheet1.SCHDOC with X-PIN80 from 81801_1.SCHLIB
Replace Part X7 X-PIN80 in C:\Users\dolgopolowa\Documents\Git\Plotnomer\PCB_Plotnomer_v1\Sheet1.SCHDOC with X-PIN80 from 81801_1.SCHLIB
Replace Part X8 X-PIN100 in C:\Users\dolgopolowa\Documents\Git\Plotnomer\PCB_Plotnomer_v1\Sheet1.SCHDOC with X-PIN100 from 81801_1.SCHLIB
Replace Part X9 X-PIN80 in C:\Users\dolgopolowa\Documents\Git\Plotnomer\PCB_Plotnomer_v1\Sheet1.SCHDOC with X-PIN80 from 81801_1.SCHLIB
Replace Part X10 X-PIN80 in C:\Users\dolgopolowa\Documents\Git\Plotnomer\PCB_Plotnomer_v1\Sheet1.SCHDOC with X-PIN80 from 81801_1.SCHLIB
Replace Part X11 X-PIN100 in C:\Users\dolgopolowa\Documents\Git\Plotnomer\PCB_Plotnomer_v1\Sheet1.SCHDOC with X-PIN100 from 81801_1.SCHLIB
Replace Part X12 X-PIN80 in C:\Users\dolgopolowa\Documents\Git\Plotnomer\PCB_Plotnomer_v1\Sheet1.SCHDOC with X-PIN80 from 81801_1.SCHLIB
Replace Part X13 X-PIN80 in C:\Users\dolgopolowa\Documents\Git\Plotnomer\PCB_Plotnomer_v1\Sheet1.SCHDOC with X-PIN80 from 81801_1.SCHLIB
Replace Part X14 X-PIN100 in C:\Users\dolgopolowa\Documents\Git\Plotnomer\PCB_Plotnomer_v1\Sheet1.SCHDOC with X-PIN100 from 81801_1.SCHLIB
Replace Part XP1 PLD2-14 in C:\Users\dolgopolowa\Documents\Git\Plotnomer\PCB_Plotnomer_v1\Sheet1.SCHDOC with PLD2-14 from 81801_1.SCHLIB
Replace Part XS1 PBS2-5 in C:\Users\dolgopolowa\Documents\Git\Plotnomer\PCB_Plotnomer_v1\Sheet1.SCHDOC with PBS2-5 from 81801_1.SCHLIB
Replace Part ZQ1 ABLS-4.000MHZ-K4T in C:\Users\dolgopolowa\Documents\Git\Plotnomer\PCB_Plotnomer_v1\Sheet1.SCHDOC with ABLS-4.000MHZ-K4T from 81801_1.SCHLIB
